 Kuvempu

 Timestamp is 4a69dccc (Fri Jul 24 21:39:48 2009)

 Preferred load address is 00400000

 Start         Length     Name                   Class
 0001:00000000 000027a8H .text                   CODE
 0001:000027b0 000010c6H .text$x                 CODE
 0001:00003876 0001000aH .textbss                CODE
 0002:00000000 000005beH .rdata                  DATA
 0002:000005c0 00000238H .xdata$x                DATA
 0002:000007f8 00000000H .edata                  DATA
 0003:00000000 00000104H .CRT$XCA                DATA
 0003:00000104 00000104H .CRT$XCL                DATA
 0003:00000208 00000104H .CRT$XCU                DATA
 0003:0000030c 00000104H .CRT$XCZ                DATA
 0003:00000410 00000104H .CRT$XIA                DATA
 0003:00000514 00000104H .CRT$XIZ                DATA
 0003:00000620 0000019cH .data                   DATA
 0003:000007c0 0000014cH .bss                    DATA
 0004:00000000 0000008cH .idata$2                DATA
 0004:0000008c 00000014H .idata$3                DATA
 0004:000000a0 000003dcH .idata$4                DATA
 0004:0000047c 000003dcH .idata$5                DATA
 0004:00000858 00000352H .idata$6                DATA
 0005:00000000 0000041cH .rsrc$01                DATA
 0005:00000420 000012c6H .rsrc$02                DATA

  Address         Publics by Value              Rva+Base     Lib:Object

 0001:00000140       ?_GetBaseMessageMap@CGUIApp@@KGPBUAFX_MSGMAP@@XZ 00401140 f   GUI.obj
 0001:00000170       ?GetMessageMap@CGUIApp@@MBEPBUAFX_MSGMAP@@XZ 00401170 f   GUI.obj
 0001:000001b0       ??0CGUIApp@@QAE@XZ         004011b0 f   GUI.obj
 0001:00000210       ??_GCGUIApp@@UAEPAXI@Z     00401210 f i GUI.obj
 0001:00000210       ??_ECGUIApp@@UAEPAXI@Z     00401210 f i GUI.obj
 0001:00000280       ??1CGUIApp@@UAE@XZ         00401280 f i GUI.obj
 0001:000003e0       ?InitInstance@CGUIApp@@UAEHXZ 004013e0 f   GUI.obj
 0001:000004b0       ??1CGUIDlg@@UAE@XZ         004014b0 f i GUI.obj
 0001:00000500       ??0CAboutDlg@@QAE@XZ       00401500 f   GUIDlg.obj
 0001:00000560       ??_ECAboutDlg@@UAEPAXI@Z   00401560 f i GUIDlg.obj
 0001:00000560       ??_GCAboutDlg@@UAEPAXI@Z   00401560 f i GUIDlg.obj
 0001:000005d0       ??1CAboutDlg@@UAE@XZ       004015d0 f i GUIDlg.obj
 0001:00000620       ?DoDataExchange@CAboutDlg@@MAEXPAVCDataExchange@@@Z 00401620 f   GUIDlg.obj
 0001:00000670       ?_GetBaseMessageMap@CAboutDlg@@KGPBUAFX_MSGMAP@@XZ 00401670 f   GUIDlg.obj
 0001:000006a0       ?GetMessageMap@CAboutDlg@@MBEPBUAFX_MSGMAP@@XZ 004016a0 f   GUIDlg.obj
 0001:000006e0       ??0CGUIDlg@@QAE@PAVCWnd@@@Z 004016e0 f   GUIDlg.obj
 0001:000007a0       ??_ECGUIDlg@@UAEPAXI@Z     004017a0 f i GUIDlg.obj
 0001:000007a0       ??_GCGUIDlg@@UAEPAXI@Z     004017a0 f i GUIDlg.obj
 0001:00000810       ?DoDataExchange@CGUIDlg@@MAEXPAVCDataExchange@@@Z 00401810 f   GUIDlg.obj
 0001:00000880       ?_GetBaseMessageMap@CGUIDlg@@KGPBUAFX_MSGMAP@@XZ 00401880 f   GUIDlg.obj
 0001:000008b0       ?GetMessageMap@CGUIDlg@@MBEPBUAFX_MSGMAP@@XZ 004018b0 f   GUIDlg.obj
 0001:000008f0       ?OnInitDialog@CGUIDlg@@MAEHXZ 004018f0 f   GUIDlg.obj
 0001:00000a40       ?OnSysCommand@CGUIDlg@@IAEXIJ@Z 00401a40 f   GUIDlg.obj
 0001:00000b10       ?OnPaint@CGUIDlg@@IAEXXZ   00401b10 f   GUIDlg.obj
 0001:00000c90       ?OnQueryDragIcon@CGUIDlg@@IAEPAUHICON__@@XZ 00401c90 f   GUIDlg.obj
 0001:00000cd0       ?OnOK@CGUIDlg@@MAEXXZ      00401cd0 f   GUIDlg.obj
 0001:00000d40       ?OnCancel@CGUIDlg@@MAEXXZ  00401d40 f   GUIDlg.obj
 0001:00000da0       ?OnShowWindow@CGUIDlg@@IAEXHI@Z 00401da0 f   GUIDlg.obj
 0001:00000df0       ?OnCancelMode@CGUIDlg@@IAEXXZ 00401df0 f   GUIDlg.obj
 0001:00000e40       ?TrayMessage@CMainFrame@@AAEHK@Z 00401e40 f   GUIDlg.obj
 0001:00000fa2       ?InstallKeyboardHook_Netravathi@@YGHPAUHWND__@@@Z 00401fa2 f   Netravathi:Netravathi.dll
 0001:00000fa8       ?DeInstallKeyboardHook_Netravathi@@YGHXZ 00401fa8 f   Netravathi:Netravathi.dll
 0001:00000fae       ?OnHelp@CWinApp@@IAEXXZ    00401fae f   mfc42d:MFC42D.DLL
 0001:00000fb4       ?WinHelpA@CWinApp@@UAEXKI@Z 00401fb4 f   mfc42d:MFC42D.DLL
 0001:00000fba       ?OnDDECommand@CWinApp@@UAEHPAD@Z 00401fba f   mfc42d:MFC42D.DLL
 0001:00000fc0       ?DoWaitCursor@CWinApp@@UAEXH@Z 00401fc0 f   mfc42d:MFC42D.DLL
 0001:00000fc6       ?DoMessageBox@CWinApp@@UAEHPBDII@Z 00401fc6 f   mfc42d:MFC42D.DLL
 0001:00000fcc       ?SaveAllModified@CWinApp@@UAEHXZ 00401fcc f   mfc42d:MFC42D.DLL
 0001:00000fd2       ?InitApplication@CWinApp@@UAEHXZ 00401fd2 f   mfc42d:MFC42D.DLL
 0001:00000fd8       ?AddToRecentFileList@CWinApp@@UAEXPBD@Z 00401fd8 f   mfc42d:MFC42D.DLL
 0001:00000fde       ?OpenDocumentFile@CWinApp@@UAEPAVCDocument@@PBD@Z 00401fde f   mfc42d:MFC42D.DLL
 0001:00000fe4       ?Delete@CWinThread@@UAEXXZ 00401fe4 f   mfc42d:MFC42D.DLL
 0001:00000fea       ?GetMainWnd@CWinThread@@UAEPAVCWnd@@XZ 00401fea f   mfc42d:MFC42D.DLL
 0001:00000ff0       ?ProcessMessageFilter@CWinThread@@UAEHHPAUtagMSG@@@Z 00401ff0 f   mfc42d:MFC42D.DLL
 0001:00000ff6       ?ProcessWndProcException@CWinApp@@UAEJPAVCException@@PBUtagMSG@@@Z 00401ff6 f   mfc42d:MFC42D.DLL
 0001:00000ffc       ?ExitInstance@CWinApp@@UAEHXZ 00401ffc f   mfc42d:MFC42D.DLL
 0001:00001002       ?IsIdleMessage@CWinThread@@UAEHPAUtagMSG@@@Z 00402002 f   mfc42d:MFC42D.DLL
 0001:00001008       ?OnIdle@CWinApp@@UAEHJ@Z   00402008 f   mfc42d:MFC42D.DLL
 0001:0000100e       ?PumpMessage@CWinThread@@UAEHXZ 0040200e f   mfc42d:MFC42D.DLL
 0001:00001014       ?PreTranslateMessage@CWinThread@@UAEHPAUtagMSG@@@Z 00402014 f   mfc42d:MFC42D.DLL
 0001:0000101a       ?Run@CWinApp@@UAEHXZ       0040201a f   mfc42d:MFC42D.DLL
 0001:00001020       ?GetConnectionHook@CCmdTarget@@MAEPAUIConnectionPoint@@ABU_GUID@@@Z 00402020 f   mfc42d:MFC42D.DLL
 0001:00001026       ?GetExtraConnectionPoints@CCmdTarget@@MAEHPAVCPtrArray@@@Z 00402026 f   mfc42d:MFC42D.DLL
 0001:0000102c       ?GetInterfaceHook@CCmdTarget@@UAEPAUIUnknown@@PBX@Z 0040202c f   mfc42d:MFC42D.DLL
 0001:00001032       ?OnCreateAggregates@CCmdTarget@@UAEHXZ 00402032 f   mfc42d:MFC42D.DLL
 0001:00001038       ?GetEventSinkMap@CCmdTarget@@MBEPBUAFX_EVENTSINKMAP@@XZ 00402038 f   mfc42d:MFC42D.DLL
 0001:0000103e       ?GetInterfaceMap@CCmdTarget@@MBEPBUAFX_INTERFACEMAP@@XZ 0040203e f   mfc42d:MFC42D.DLL
 0001:00001044       ?GetConnectionMap@CCmdTarget@@MBEPBUAFX_CONNECTIONMAP@@XZ 00402044 f   mfc42d:MFC42D.DLL
 0001:0000104a       ?GetDispatchMap@CCmdTarget@@MBEPBUAFX_DISPMAP@@XZ 0040204a f   mfc42d:MFC42D.DLL
 0001:00001050       ?GetCommandMap@CCmdTarget@@MBEPBUAFX_OLECMDMAP@@XZ 00402050 f   mfc42d:MFC42D.DLL
 0001:00001056       ?GetTypeLib@CCmdTarget@@UAEJKPAPAUITypeLib@@@Z 00402056 f   mfc42d:MFC42D.DLL
 0001:0000105c       ?GetTypeLibCache@CCmdTarget@@UAEPAVCTypeLibCache@@XZ 0040205c f   mfc42d:MFC42D.DLL
 0001:00001062       ?GetTypeInfoCount@CCmdTarget@@UAEIXZ 00402062 f   mfc42d:MFC42D.DLL
 0001:00001068       ?GetDispatchIID@CCmdTarget@@UAEHPAU_GUID@@@Z 00402068 f   mfc42d:MFC42D.DLL
 0001:0000106e       ?IsInvokeAllowed@CCmdTarget@@UAEHJ@Z 0040206e f   mfc42d:MFC42D.DLL
 0001:00001074       ?OnFinalRelease@CCmdTarget@@UAEXXZ 00402074 f   mfc42d:MFC42D.DLL
 0001:0000107a       ?OnCmdMsg@CCmdTarget@@UAEHIHPAXPAUAFX_CMDHANDLERINFO@@@Z 0040207a f   mfc42d:MFC42D.DLL
 0001:00001080       ?Dump@CWinApp@@UBEXAAVCDumpContext@@@Z 00402080 f   mfc42d:MFC42D.DLL
 0001:00001086       ?AssertValid@CWinApp@@UBEXXZ 00402086 f   mfc42d:MFC42D.DLL
 0001:0000108c       ?Serialize@CObject@@UAEXAAVCArchive@@@Z 0040208c f   mfc42d:MFC42D.DLL
 0001:00001092       ?GetRuntimeClass@CWinApp@@UBEPAUCRuntimeClass@@XZ 00402092 f   mfc42d:MFC42D.DLL
 0001:00001098       ??0CWinApp@@QAE@PBD@Z      00402098 f   mfc42d:MFC42D.DLL
 0001:0000109e       ??3CObject@@SGXPAX@Z       0040209e f   mfc42d:MFC42D.DLL
 0001:000010a4       ??1CWinApp@@UAE@XZ         004020a4 f   mfc42d:MFC42D.DLL
 0001:000010aa       ?DoModal@CDialog@@UAEHXZ   004020aa f   mfc42d:MFC42D.DLL
 0001:000010b0       ?Enable3dControls@CWinApp@@IAEHXZ 004020b0 f   mfc42d:MFC42D.DLL
 0001:000010b6       ??1CDialog@@UAE@XZ         004020b6 f   mfc42d:MFC42D.DLL
 0001:000010bc       ?PreInitDialog@CDialog@@MAEXXZ 004020bc f   mfc42d:MFC42D.DLL
 0001:000010c2       ?OnCancel@CDialog@@MAEXXZ  004020c2 f   mfc42d:MFC42D.DLL
 0001:000010c8       ?OnOK@CDialog@@MAEXXZ      004020c8 f   mfc42d:MFC42D.DLL
 0001:000010ce       ?OnSetFont@CDialog@@UAEXPAVCFont@@@Z 004020ce f   mfc42d:MFC42D.DLL
 0001:000010d4       ?OnInitDialog@CDialog@@UAEHXZ 004020d4 f   mfc42d:MFC42D.DLL
 0001:000010da       ?SetOccDialogInfo@CDialog@@MAEHPAU_AFX_OCC_DIALOG_INFO@@@Z 004020da f   mfc42d:MFC42D.DLL
 0001:000010e0       ?IsFrameWnd@CWnd@@UBEHXZ   004020e0 f   mfc42d:MFC42D.DLL
 0001:000010e6       ?CheckAutoCenter@CDialog@@UAEHXZ 004020e6 f   mfc42d:MFC42D.DLL
 0001:000010ec       ?OnChildNotify@CWnd@@MAEHIIJPAJ@Z 004020ec f   mfc42d:MFC42D.DLL
 0001:000010f2       ?PostNcDestroy@CWnd@@MAEXXZ 004020f2 f   mfc42d:MFC42D.DLL
 0001:000010f8       ?DefWindowProcA@CWnd@@MAEJIIJ@Z 004020f8 f   mfc42d:MFC42D.DLL
 0001:000010fe       ?OnWndMsg@CWnd@@MAEHIIJPAJ@Z 004020fe f   mfc42d:MFC42D.DLL
 0001:00001104       ?WindowProc@CWnd@@MAEJIIJ@Z 00402104 f   mfc42d:MFC42D.DLL
 0001:0000110a       ?OnAmbientProperty@CWnd@@UAEHPAVCOleControlSite@@JPAUtagVARIANT@@@Z 0040210a f   mfc42d:MFC42D.DLL
 0001:00001110       ?PreTranslateMessage@CDialog@@UAEHPAUtagMSG@@@Z 00402110 f   mfc42d:MFC42D.DLL
 0001:00001116       ?EndModalState@CWnd@@UAEXXZ 00402116 f   mfc42d:MFC42D.DLL
 0001:0000111c       ?BeginModalState@CWnd@@UAEXXZ 0040211c f   mfc42d:MFC42D.DLL
 0001:00001122       ?GetSuperWndProcAddr@CWnd@@MAEPAP6GJPAUHWND__@@IIJ@ZXZ 00402122 f   mfc42d:MFC42D.DLL
 0001:00001128       ?OnNotify@CWnd@@MAEHIJPAJ@Z 00402128 f   mfc42d:MFC42D.DLL
 0001:0000112e       ?OnCommand@CWnd@@MAEHIJ@Z  0040212e f   mfc42d:MFC42D.DLL
 0001:00001134       ?EndModalLoop@CWnd@@UAEXH@Z 00402134 f   mfc42d:MFC42D.DLL
 0001:0000113a       ?ContinueModal@CWnd@@UAEHXZ 0040213a f   mfc42d:MFC42D.DLL
 0001:00001140       ?WinHelpA@CWnd@@UAEXKI@Z   00402140 f   mfc42d:MFC42D.DLL
 0001:00001146       ?GetScrollBarCtrl@CWnd@@UBEPAVCScrollBar@@H@Z 00402146 f   mfc42d:MFC42D.DLL
 0001:0000114c       ?OnToolHitTest@CWnd@@UBEHVCPoint@@PAUtagTOOLINFOA@@@Z 0040214c f   mfc42d:MFC42D.DLL
 0001:00001152       ?CalcWindowRect@CWnd@@UAEXPAUtagRECT@@I@Z 00402152 f   mfc42d:MFC42D.DLL
 0001:00001158       ?PreCreateWindow@CWnd@@UAEHAAUtagCREATESTRUCTA@@@Z 00402158 f   mfc42d:MFC42D.DLL
 0001:0000115e       ?DestroyWindow@CWnd@@UAEHXZ 0040215e f   mfc42d:MFC42D.DLL
 0001:00001164       ?Create@CWnd@@UAEHPBD0KABUtagRECT@@PAV1@IPAUCCreateContext@@@Z 00402164 f   mfc42d:MFC42D.DLL
 0001:0000116a       ?PreSubclassWindow@CWnd@@UAEXXZ 0040216a f   mfc42d:MFC42D.DLL
 0001:00001170       ?OnFinalRelease@CWnd@@UAEXXZ 00402170 f   mfc42d:MFC42D.DLL
 0001:00001176       ?OnCmdMsg@CDialog@@UAEHIHPAXPAUAFX_CMDHANDLERINFO@@@Z 00402176 f   mfc42d:MFC42D.DLL
 0001:0000117c       ?Dump@CDialog@@UBEXAAVCDumpContext@@@Z 0040217c f   mfc42d:MFC42D.DLL
 0001:00001182       ?AssertValid@CDialog@@UBEXXZ 00402182 f   mfc42d:MFC42D.DLL
 0001:00001188       ?GetRuntimeClass@CDialog@@UBEPAUCRuntimeClass@@XZ 00402188 f   mfc42d:MFC42D.DLL
 0001:0000118e       ??0CDialog@@QAE@IPAVCWnd@@@Z 0040218e f   mfc42d:MFC42D.DLL
 0001:00001194       ?DoDataExchange@CWnd@@MAEXPAVCDataExchange@@@Z 00402194 f   mfc42d:MFC42D.DLL
 0001:0000119a       ?LoadIconA@CWinApp@@QBEPAUHICON__@@I@Z 0040219a f   mfc42d:MFC42D.DLL
 0001:000011a0       ?AfxGetApp@@YGPAVCWinApp@@XZ 004021a0 f   mfc42d:MFC42D.DLL
 0001:000011a6       ?DDX_Radio@@YGXPAVCDataExchange@@HAAH@Z 004021a6 f   mfc42d:MFC42D.DLL
 0001:000011ac       ?UpdateData@CWnd@@QAEHH@Z  004021ac f   mfc42d:MFC42D.DLL
 0001:000011b2       ?SetIcon@CWnd@@QAEPAUHICON__@@PAU2@H@Z 004021b2 f   mfc42d:MFC42D.DLL
 0001:000011b8       ??1CString@@QAE@XZ         004021b8 f   mfc42d:MFC42D.DLL
 0001:000011be       ??BCString@@QBEPBDXZ       004021be f   mfc42d:MFC42D.DLL
 0001:000011c4       ?AppendMenuA@CMenu@@QAEHIIPBD@Z 004021c4 f   mfc42d:MFC42D.DLL
 0001:000011ca       ?IsEmpty@CString@@QBEHXZ   004021ca f   mfc42d:MFC42D.DLL
 0001:000011d0       ?LoadStringA@CString@@QAEHI@Z 004021d0 f   mfc42d:MFC42D.DLL
 0001:000011d6       ??0CString@@QAE@XZ         004021d6 f   mfc42d:MFC42D.DLL
 0001:000011dc       ?GetSystemMenu@CWnd@@QBEPAVCMenu@@H@Z 004021dc f   mfc42d:MFC42D.DLL
 0001:000011e2       ?OnSysCommand@CWnd@@IAEXIJ@Z 004021e2 f   mfc42d:MFC42D.DLL
 0001:000011e8       ?OnPaint@CWnd@@IAEXXZ      004021e8 f   mfc42d:MFC42D.DLL
 0001:000011ee       ??1CPaintDC@@UAE@XZ        004021ee f   mfc42d:MFC42D.DLL
 0001:000011f4       ?DrawIcon@CDC@@QAEHHHPAUHICON__@@@Z 004021f4 f   mfc42d:MFC42D.DLL
 0001:000011fa       ?Height@CRect@@QBEHXZ      004021fa f   mfc42d:MFC42D.DLL
 0001:00001200       ?Width@CRect@@QBEHXZ       00402200 f   mfc42d:MFC42D.DLL
 0001:00001206       ?GetClientRect@CWnd@@QBEXPAUtagRECT@@@Z 00402206 f   mfc42d:MFC42D.DLL
 0001:0000120c       ??0CRect@@QAE@XZ           0040220c f   mfc42d:MFC42D.DLL
 0001:00001212       ?SendMessageA@CWnd@@QAEJIIJ@Z 00402212 f   mfc42d:MFC42D.DLL
 0001:00001218       ?GetSafeHdc@CDC@@QBEPAUHDC__@@XZ 00402218 f   mfc42d:MFC42D.DLL
 0001:0000121e       ??0CPaintDC@@QAE@PAVCWnd@@@Z 0040221e f   mfc42d:MFC42D.DLL
 0001:00001224       ?IsIconic@CWnd@@QBEHXZ     00402224 f   mfc42d:MFC42D.DLL
 0001:0000122a       ?ShowWindow@CWnd@@QAEHH@Z  0040222a f   mfc42d:MFC42D.DLL
 0001:00001230       ?GetSafeHwnd@CWnd@@QBEPAUHWND__@@XZ 00402230 f   mfc42d:MFC42D.DLL
 0001:00001236       ?OnShowWindow@CWnd@@IAEXHI@Z 00402236 f   mfc42d:MFC42D.DLL
 0001:0000123c       ?OnCancelMode@CWnd@@IAEXXZ 0040223c f   mfc42d:MFC42D.DLL
 0001:00001242       ?AfxAssertFailedLine@@YGHPBDH@Z 00402242 f   mfc42d:MFC42D.DLL
 0001:00001248       ?AfxGetInstanceHandle@@YGPAUHINSTANCE__@@XZ 00402248 f   mfc42d:MFC42D.DLL
 0001:0000124e       ??0CString@@QAE@PBD@Z      0040224e f   mfc42d:MFC42D.DLL
 0001:00001254       __chkesp                   00402254 f   msvcrtd:MSVCRTD.dll
 0001:00001260       __onexit                   00402260 f   msvcrtd:atonexit.obj
 0001:000012a0       _atexit                    004022a0 f   msvcrtd:atonexit.obj
 0001:000012b8       ___CxxFrameHandler         004022b8 f   msvcrtd:MSVCRTD.dll
 0001:000012c0       _WinMainCRTStartup         004022c0 f   msvcrtd:crtexew.obj
 0001:000014ba       ___dllonexit               004024ba f   msvcrtd:MSVCRTD.dll
 0001:000014c0       __exit                     004024c0 f   msvcrtd:MSVCRTD.dll
 0001:000014c6       __XcptFilter               004024c6 f   msvcrtd:MSVCRTD.dll
 0001:000014cc       _exit                      004024cc f   msvcrtd:MSVCRTD.dll
 0001:000014d2       ___getmainargs             004024d2 f   msvcrtd:MSVCRTD.dll
 0001:000014d8       __initterm                 004024d8 f   msvcrtd:MSVCRTD.dll
 0001:000014e0       __setdefaultprecision      004024e0 f   msvcrtd:fp8.obj
 0001:000014f8       ___setusermatherr          004024f8 f   msvcrtd:MSVCRTD.dll
 0001:00001500       __matherr                  00402500 f   msvcrtd:merr.obj
 0001:00001510       __setargv                  00402510 f   msvcrtd:dllargv.obj
 0001:00001516       ___p__commode              00402516 f   msvcrtd:MSVCRTD.dll
 0001:0000151c       ___p__fmode                0040251c f   msvcrtd:MSVCRTD.dll
 0001:00001522       ___set_app_type            00402522 f   msvcrtd:MSVCRTD.dll
 0001:00001528       __except_handler3          00402528 f   msvcrtd:MSVCRTD.dll
 0001:0000152e       __controlfp                0040252e f   msvcrtd:MSVCRTD.dll
 0001:00001534       _lstrcpynA@12              00402534 f   kernel32:KERNEL32.dll
 0001:0000153a       _GetModuleHandleA@4        0040253a f   kernel32:KERNEL32.dll
 0001:00001540       _GetStartupInfoA@4         00402540 f   kernel32:KERNEL32.dll
 0001:00001546       _GetSystemMetrics@4        00402546 f   user32:USER32.dll
 0001:0000154c       _LoadIconA@8               0040254c f   user32:USER32.dll
 0001:00001552       _Shell_NotifyIconA@8       00402552 f   shell32:SHELL32.dll
 0001:00001558       ?AfxEnableControlContainer@@YAXPAVCOccManager@@@Z 00402558 f   mfco42d:MFCO42D.DLL
 0001:00001560       _WinMain@16                00402560 f   mfcs42d:appmodul.obj
 0001:00001580       ?AfxInitialize@@YGHHK@Z    00402580 f   mfcs42d:appmodul.obj
 0001:00001616       __setmbcp                  00402616 f   msvcrtd:MSVCRTD.dll
 0001:0000161c       ?AfxWinMain@@YGHPAUHINSTANCE__@@0PADH@Z 0040261c f   mfc42d:MFC42D.DLL
 0001:00001622       ?AfxGetModuleState@@YGPAVAFX_MODULE_STATE@@XZ 00402622 f   mfc42d:MFC42D.DLL
 0001:00003880       __enc$textbss$begin        00404880     <linker-defined>
 0001:00013880       __enc$textbss$end          00414880     <linker-defined>
 0002:00000020       ?messageMap@CGUIApp@@1UAFX_MSGMAP@@B 00415020     GUI.obj
 0002:00000028       ?_messageEntries@CGUIApp@@0QBUAFX_MSGMAP_ENTRY@@B 00415028     GUI.obj
 0002:00000064       ??_7CGUIApp@@6B@           00415064     GUI.obj
 0002:00000128       ?messageMap@CAboutDlg@@1UAFX_MSGMAP@@B 00415128     GUIDlg.obj
 0002:00000130       ?_messageEntries@CAboutDlg@@0QBUAFX_MSGMAP_ENTRY@@B 00415130     GUIDlg.obj
 0002:00000148       ?messageMap@CGUIDlg@@1UAFX_MSGMAP@@B 00415148     GUIDlg.obj
 0002:00000150       ?_messageEntries@CGUIDlg@@0QBUAFX_MSGMAP_ENTRY@@B 00415150     GUIDlg.obj
 0002:00000204       ??_7CAboutDlg@@6B@         00415204     GUIDlg.obj
 0002:00000308       ??_7CGUIDlg@@6B@           00415308     GUIDlg.obj
 0002:0000040c       ??_C@_0BB@LEBN@BrigSoft?5Example?$AA@ 0041540c     GUIDlg.obj
 0002:00000420       _IID_IDocHostUIHandlerDispatch 00415420     mfcs42d:stdafx.obj
 0002:00000430       _IID_IInternalConnection   00415430     mfcs42d:stdafx.obj
 0002:00000440       _IID_IAxWinAmbientDispatch 00415440     mfcs42d:stdafx.obj
 0002:00000450       _IID_IAxWinHostWindow      00415450     mfcs42d:stdafx.obj
 0002:00000460       _IID_IRegistrar            00415460     mfcs42d:stdafx.obj
 0002:00000470       _CLSID_Registrar           00415470     mfcs42d:stdafx.obj
 0002:00000480       _LIBID_ATLLib              00415480     mfcs42d:stdafx.obj
 0003:00000000       ___xc_a                    00416000     msvcrtd:cinitexe.obj
 0003:0000030c       ___xc_z                    0041630c     msvcrtd:cinitexe.obj
 0003:00000410       ___xi_a                    00416410     msvcrtd:cinitexe.obj
 0003:00000514       ___xi_z                    00416514     msvcrtd:cinitexe.obj
 0003:00000684       ?__LINE__Var@?1??TrayMessage@CMainFrame@@AAEHK@Z@4FA 00416684     GUIDlg.obj
 0003:00000688       ?GUID_ATLVer30@ATL@@3U_GUID@@A 00416688     mfcs42d:stdafx.obj
 0003:000006a0       ___defaultmatherr          004166a0     msvcrtd:merr.obj
 0003:000007c0       ?theApp@@3VCGUIApp@@A      004167c0     GUI.obj
 0003:000008b0       ?hook_bit@@3HA             004168b0     GUIDlg.obj
 0003:000008b4       __afxForceEXCLUDE          004168b4     mfcs42d:nolib.obj
 0003:000008b8       ?ATL_CREATE_OBJECT@CComApartment@ATL@@2IA 004168b8     mfcs42d:stdafx.obj
 0003:000008c0       ?m_libid@CComModule@ATL@@2U_GUID@@A 004168c0     mfcs42d:stdafx.obj
 0003:000008d0       ?_pModule@ATL@@3PAVCComModule@1@A 004168d0     mfcs42d:stdafx.obj
 0003:000008d4       __afxForceSTDAFX           004168d4     mfcs42d:stdafx.obj
 0003:000008d8       __dowildcard               004168d8     msvcrtd:wildcard.obj
 0003:000008dc       __newmode                  004168dc     msvcrtd:_newmode.obj
 0003:000008e0       __commode                  004168e0     msvcrtd:xncommod.obj
 0003:000008e4       __fmode                    004168e4     msvcrtd:xtxtmode.obj
 0003:000008e8       ?_afxInitAppState@@3DA     004168e8     mfcs42d:appmodul.obj
 0003:000008ec       __adjust_fdiv              004168ec     <common>
 0003:000008f8       ___onexitend               004168f8     <common>
 0003:00000908       ___onexitbegin             00416908     <common>
 0004:00000000       __IMPORT_DESCRIPTOR_Netravathi 00417000     Netravathi:Netravathi.dll
 0004:00000014       __IMPORT_DESCRIPTOR_MFC42D 00417014     mfc42d:MFC42D.DLL
 0004:00000028       __IMPORT_DESCRIPTOR_MSVCRTD 00417028     msvcrtd:MSVCRTD.dll
 0004:0000003c       __IMPORT_DESCRIPTOR_KERNEL32 0041703c     kernel32:KERNEL32.dll
 0004:00000050       __IMPORT_DESCRIPTOR_USER32 00417050     user32:USER32.dll
 0004:00000064       __IMPORT_DESCRIPTOR_SHELL32 00417064     shell32:SHELL32.dll
 0004:00000078       __IMPORT_DESCRIPTOR_MFCO42D 00417078     mfco42d:MFCO42D.DLL
 0004:0000008c       __NULL_IMPORT_DESCRIPTOR   0041708c     Netravathi:Netravathi.dll
 0004:0000047c       __imp__lstrcpynA@12        0041747c     kernel32:KERNEL32.dll
 0004:00000480       __imp__GetStartupInfoA@4   00417480     kernel32:KERNEL32.dll
 0004:00000484       __imp__GetModuleHandleA@4  00417484     kernel32:KERNEL32.dll
 0004:00000488       \177KERNEL32_NULL_THUNK_DATA 00417488     kernel32:KERNEL32.dll
 0004:000004b4       __imp_?messageMap@CWinApp@@1UAFX_MSGMAP@@B 004174b4     mfc42d:MFC42D.DLL
 0004:000004b8       __imp_?WinHelpA@CWinApp@@UAEXKI@Z 004174b8     mfc42d:MFC42D.DLL
 0004:000004bc       __imp_?OnDDECommand@CWinApp@@UAEHPAD@Z 004174bc     mfc42d:MFC42D.DLL
 0004:000004c0       __imp_?DoWaitCursor@CWinApp@@UAEXH@Z 004174c0     mfc42d:MFC42D.DLL
 0004:000004c4       __imp_?DoMessageBox@CWinApp@@UAEHPBDII@Z 004174c4     mfc42d:MFC42D.DLL
 0004:000004c8       __imp_?SaveAllModified@CWinApp@@UAEHXZ 004174c8     mfc42d:MFC42D.DLL
 0004:000004cc       __imp_?InitApplication@CWinApp@@UAEHXZ 004174cc     mfc42d:MFC42D.DLL
 0004:000004d0       __imp_?AddToRecentFileList@CWinApp@@UAEXPBD@Z 004174d0     mfc42d:MFC42D.DLL
 0004:000004d4       __imp_?OpenDocumentFile@CWinApp@@UAEPAVCDocument@@PBD@Z 004174d4     mfc42d:MFC42D.DLL
 0004:000004d8       __imp_?Delete@CWinThread@@UAEXXZ 004174d8     mfc42d:MFC42D.DLL
 0004:000004dc       __imp_?GetMainWnd@CWinThread@@UAEPAVCWnd@@XZ 004174dc     mfc42d:MFC42D.DLL
 0004:000004e0       __imp_?ProcessMessageFilter@CWinThread@@UAEHHPAUtagMSG@@@Z 004174e0     mfc42d:MFC42D.DLL
 0004:000004e4       __imp_?ProcessWndProcException@CWinApp@@UAEJPAVCException@@PBUtagMSG@@@Z 004174e4     mfc42d:MFC42D.DLL
 0004:000004e8       __imp_?ExitInstance@CWinApp@@UAEHXZ 004174e8     mfc42d:MFC42D.DLL
 0004:000004ec       __imp_?IsIdleMessage@CWinThread@@UAEHPAUtagMSG@@@Z 004174ec     mfc42d:MFC42D.DLL
 0004:000004f0       __imp_?OnIdle@CWinApp@@UAEHJ@Z 004174f0     mfc42d:MFC42D.DLL
 0004:000004f4       __imp_?PumpMessage@CWinThread@@UAEHXZ 004174f4     mfc42d:MFC42D.DLL
 0004:000004f8       __imp_?PreTranslateMessage@CWinThread@@UAEHPAUtagMSG@@@Z 004174f8     mfc42d:MFC42D.DLL
 0004:000004fc       __imp_?Run@CWinApp@@UAEHXZ 004174fc     mfc42d:MFC42D.DLL
 0004:00000500       __imp_?GetConnectionHook@CCmdTarget@@MAEPAUIConnectionPoint@@ABU_GUID@@@Z 00417500     mfc42d:MFC42D.DLL
 0004:00000504       __imp_?GetExtraConnectionPoints@CCmdTarget@@MAEHPAVCPtrArray@@@Z 00417504     mfc42d:MFC42D.DLL
 0004:00000508       __imp_?GetInterfaceHook@CCmdTarget@@UAEPAUIUnknown@@PBX@Z 00417508     mfc42d:MFC42D.DLL
 0004:0000050c       __imp_?OnCreateAggregates@CCmdTarget@@UAEHXZ 0041750c     mfc42d:MFC42D.DLL
 0004:00000510       __imp_?GetEventSinkMap@CCmdTarget@@MBEPBUAFX_EVENTSINKMAP@@XZ 00417510     mfc42d:MFC42D.DLL
 0004:00000514       __imp_?GetInterfaceMap@CCmdTarget@@MBEPBUAFX_INTERFACEMAP@@XZ 00417514     mfc42d:MFC42D.DLL
 0004:00000518       __imp_?GetConnectionMap@CCmdTarget@@MBEPBUAFX_CONNECTIONMAP@@XZ 00417518     mfc42d:MFC42D.DLL
 0004:0000051c       __imp_?GetDispatchMap@CCmdTarget@@MBEPBUAFX_DISPMAP@@XZ 0041751c     mfc42d:MFC42D.DLL
 0004:00000520       __imp_?GetCommandMap@CCmdTarget@@MBEPBUAFX_OLECMDMAP@@XZ 00417520     mfc42d:MFC42D.DLL
 0004:00000524       __imp_?GetTypeLib@CCmdTarget@@UAEJKPAPAUITypeLib@@@Z 00417524     mfc42d:MFC42D.DLL
 0004:00000528       __imp_?GetTypeLibCache@CCmdTarget@@UAEPAVCTypeLibCache@@XZ 00417528     mfc42d:MFC42D.DLL
 0004:0000052c       __imp_?GetTypeInfoCount@CCmdTarget@@UAEIXZ 0041752c     mfc42d:MFC42D.DLL
 0004:00000530       __imp_?GetDispatchIID@CCmdTarget@@UAEHPAU_GUID@@@Z 00417530     mfc42d:MFC42D.DLL
 0004:00000534       __imp_?IsInvokeAllowed@CCmdTarget@@UAEHJ@Z 00417534     mfc42d:MFC42D.DLL
 0004:00000538       __imp_?OnFinalRelease@CCmdTarget@@UAEXXZ 00417538     mfc42d:MFC42D.DLL
 0004:0000053c       __imp_?OnCmdMsg@CCmdTarget@@UAEHIHPAXPAUAFX_CMDHANDLERINFO@@@Z 0041753c     mfc42d:MFC42D.DLL
 0004:00000540       __imp_?Dump@CWinApp@@UBEXAAVCDumpContext@@@Z 00417540     mfc42d:MFC42D.DLL
 0004:00000544       __imp_?AssertValid@CWinApp@@UBEXXZ 00417544     mfc42d:MFC42D.DLL
 0004:00000548       __imp_?Serialize@CObject@@UAEXAAVCArchive@@@Z 00417548     mfc42d:MFC42D.DLL
 0004:0000054c       __imp_?GetRuntimeClass@CWinApp@@UBEPAUCRuntimeClass@@XZ 0041754c     mfc42d:MFC42D.DLL
 0004:00000550       __imp_??0CWinApp@@QAE@PBD@Z 00417550     mfc42d:MFC42D.DLL
 0004:00000554       __imp_??3CObject@@SGXPAX@Z 00417554     mfc42d:MFC42D.DLL
 0004:00000558       __imp_??1CWinApp@@UAE@XZ   00417558     mfc42d:MFC42D.DLL
 0004:0000055c       __imp_?DoModal@CDialog@@UAEHXZ 0041755c     mfc42d:MFC42D.DLL
 0004:00000560       __imp_?Enable3dControls@CWinApp@@IAEHXZ 00417560     mfc42d:MFC42D.DLL
 0004:00000564       __imp_??1CDialog@@UAE@XZ   00417564     mfc42d:MFC42D.DLL
 0004:00000568       __imp_?PreInitDialog@CDialog@@MAEXXZ 00417568     mfc42d:MFC42D.DLL
 0004:0000056c       __imp_?OnCancel@CDialog@@MAEXXZ 0041756c     mfc42d:MFC42D.DLL
 0004:00000570       __imp_?OnOK@CDialog@@MAEXXZ 00417570     mfc42d:MFC42D.DLL
 0004:00000574       __imp_?OnSetFont@CDialog@@UAEXPAVCFont@@@Z 00417574     mfc42d:MFC42D.DLL
 0004:00000578       __imp_?OnInitDialog@CDialog@@UAEHXZ 00417578     mfc42d:MFC42D.DLL
 0004:0000057c       __imp_?SetOccDialogInfo@CDialog@@MAEHPAU_AFX_OCC_DIALOG_INFO@@@Z 0041757c     mfc42d:MFC42D.DLL
 0004:00000580       __imp_?IsFrameWnd@CWnd@@UBEHXZ 00417580     mfc42d:MFC42D.DLL
 0004:00000584       __imp_?CheckAutoCenter@CDialog@@UAEHXZ 00417584     mfc42d:MFC42D.DLL
 0004:00000588       __imp_?OnChildNotify@CWnd@@MAEHIIJPAJ@Z 00417588     mfc42d:MFC42D.DLL
 0004:0000058c       __imp_?PostNcDestroy@CWnd@@MAEXXZ 0041758c     mfc42d:MFC42D.DLL
 0004:00000590       __imp_?DefWindowProcA@CWnd@@MAEJIIJ@Z 00417590     mfc42d:MFC42D.DLL
 0004:00000594       __imp_?OnHelp@CWinApp@@IAEXXZ 00417594     mfc42d:MFC42D.DLL
 0004:00000598       __imp_?WindowProc@CWnd@@MAEJIIJ@Z 00417598     mfc42d:MFC42D.DLL
 0004:0000059c       __imp_?OnAmbientProperty@CWnd@@UAEHPAVCOleControlSite@@JPAUtagVARIANT@@@Z 0041759c     mfc42d:MFC42D.DLL
 0004:000005a0       __imp_?PreTranslateMessage@CDialog@@UAEHPAUtagMSG@@@Z 004175a0     mfc42d:MFC42D.DLL
 0004:000005a4       __imp_?EndModalState@CWnd@@UAEXXZ 004175a4     mfc42d:MFC42D.DLL
 0004:000005a8       __imp_?BeginModalState@CWnd@@UAEXXZ 004175a8     mfc42d:MFC42D.DLL
 0004:000005ac       __imp_?GetSuperWndProcAddr@CWnd@@MAEPAP6GJPAUHWND__@@IIJ@ZXZ 004175ac     mfc42d:MFC42D.DLL
 0004:000005b0       __imp_?OnNotify@CWnd@@MAEHIJPAJ@Z 004175b0     mfc42d:MFC42D.DLL
 0004:000005b4       __imp_?OnCommand@CWnd@@MAEHIJ@Z 004175b4     mfc42d:MFC42D.DLL
 0004:000005b8       __imp_?EndModalLoop@CWnd@@UAEXH@Z 004175b8     mfc42d:MFC42D.DLL
 0004:000005bc       __imp_?ContinueModal@CWnd@@UAEHXZ 004175bc     mfc42d:MFC42D.DLL
 0004:000005c0       __imp_?WinHelpA@CWnd@@UAEXKI@Z 004175c0     mfc42d:MFC42D.DLL
 0004:000005c4       __imp_?GetScrollBarCtrl@CWnd@@UBEPAVCScrollBar@@H@Z 004175c4     mfc42d:MFC42D.DLL
 0004:000005c8       __imp_?OnToolHitTest@CWnd@@UBEHVCPoint@@PAUtagTOOLINFOA@@@Z 004175c8     mfc42d:MFC42D.DLL
 0004:000005cc       __imp_?CalcWindowRect@CWnd@@UAEXPAUtagRECT@@I@Z 004175cc     mfc42d:MFC42D.DLL
 0004:000005d0       __imp_?AfxGetModuleState@@YGPAVAFX_MODULE_STATE@@XZ 004175d0     mfc42d:MFC42D.DLL
 0004:000005d4       __imp_?DestroyWindow@CWnd@@UAEHXZ 004175d4     mfc42d:MFC42D.DLL
 0004:000005d8       __imp_?Create@CWnd@@UAEHPBD0KABUtagRECT@@PAV1@IPAUCCreateContext@@@Z 004175d8     mfc42d:MFC42D.DLL
 0004:000005dc       __imp_?PreSubclassWindow@CWnd@@UAEXXZ 004175dc     mfc42d:MFC42D.DLL
 0004:000005e0       __imp_?OnFinalRelease@CWnd@@UAEXXZ 004175e0     mfc42d:MFC42D.DLL
 0004:000005e4       __imp_?OnCmdMsg@CDialog@@UAEHIHPAXPAUAFX_CMDHANDLERINFO@@@Z 004175e4     mfc42d:MFC42D.DLL
 0004:000005e8       __imp_?Dump@CDialog@@UBEXAAVCDumpContext@@@Z 004175e8     mfc42d:MFC42D.DLL
 0004:000005ec       __imp_?AssertValid@CDialog@@UBEXXZ 004175ec     mfc42d:MFC42D.DLL
 0004:000005f0       __imp_?GetRuntimeClass@CDialog@@UBEPAUCRuntimeClass@@XZ 004175f0     mfc42d:MFC42D.DLL
 0004:000005f4       __imp_??0CDialog@@QAE@IPAVCWnd@@@Z 004175f4     mfc42d:MFC42D.DLL
 0004:000005f8       __imp_?DoDataExchange@CWnd@@MAEXPAVCDataExchange@@@Z 004175f8     mfc42d:MFC42D.DLL
 0004:000005fc       __imp_?messageMap@CDialog@@1UAFX_MSGMAP@@B 004175fc     mfc42d:MFC42D.DLL
 0004:00000600       __imp_?LoadIconA@CWinApp@@QBEPAUHICON__@@I@Z 00417600     mfc42d:MFC42D.DLL
 0004:00000604       __imp_?AfxGetApp@@YGPAVCWinApp@@XZ 00417604     mfc42d:MFC42D.DLL
 0004:00000608       __imp_?DDX_Radio@@YGXPAVCDataExchange@@HAAH@Z 00417608     mfc42d:MFC42D.DLL
 0004:0000060c       __imp_?UpdateData@CWnd@@QAEHH@Z 0041760c     mfc42d:MFC42D.DLL
 0004:00000610       __imp_?SetIcon@CWnd@@QAEPAUHICON__@@PAU2@H@Z 00417610     mfc42d:MFC42D.DLL
 0004:00000614       __imp_??1CString@@QAE@XZ   00417614     mfc42d:MFC42D.DLL
 0004:00000618       __imp_??BCString@@QBEPBDXZ 00417618     mfc42d:MFC42D.DLL
 0004:0000061c       __imp_?AppendMenuA@CMenu@@QAEHIIPBD@Z 0041761c     mfc42d:MFC42D.DLL
 0004:00000620       __imp_?IsEmpty@CString@@QBEHXZ 00417620     mfc42d:MFC42D.DLL
 0004:00000624       __imp_?LoadStringA@CString@@QAEHI@Z 00417624     mfc42d:MFC42D.DLL
 0004:00000628       __imp_??0CString@@QAE@XZ   00417628     mfc42d:MFC42D.DLL
 0004:0000062c       __imp_?GetSystemMenu@CWnd@@QBEPAVCMenu@@H@Z 0041762c     mfc42d:MFC42D.DLL
 0004:00000630       __imp_?OnSysCommand@CWnd@@IAEXIJ@Z 00417630     mfc42d:MFC42D.DLL
 0004:00000634       __imp_?OnPaint@CWnd@@IAEXXZ 00417634     mfc42d:MFC42D.DLL
 0004:00000638       __imp_??1CPaintDC@@UAE@XZ  00417638     mfc42d:MFC42D.DLL
 0004:0000063c       __imp_?DrawIcon@CDC@@QAEHHHPAUHICON__@@@Z 0041763c     mfc42d:MFC42D.DLL
 0004:00000640       __imp_?Height@CRect@@QBEHXZ 00417640     mfc42d:MFC42D.DLL
 0004:00000644       __imp_?Width@CRect@@QBEHXZ 00417644     mfc42d:MFC42D.DLL
 0004:00000648       __imp_?GetClientRect@CWnd@@QBEXPAUtagRECT@@@Z 00417648     mfc42d:MFC42D.DLL
 0004:0000064c       __imp_??0CRect@@QAE@XZ     0041764c     mfc42d:MFC42D.DLL
 0004:00000650       __imp_?SendMessageA@CWnd@@QAEJIIJ@Z 00417650     mfc42d:MFC42D.DLL
 0004:00000654       __imp_?GetSafeHdc@CDC@@QBEPAUHDC__@@XZ 00417654     mfc42d:MFC42D.DLL
 0004:00000658       __imp_??0CPaintDC@@QAE@PAVCWnd@@@Z 00417658     mfc42d:MFC42D.DLL
 0004:0000065c       __imp_?IsIconic@CWnd@@QBEHXZ 0041765c     mfc42d:MFC42D.DLL
 0004:00000660       __imp_?ShowWindow@CWnd@@QAEHH@Z 00417660     mfc42d:MFC42D.DLL
 0004:00000664       __imp_?GetSafeHwnd@CWnd@@QBEPAUHWND__@@XZ 00417664     mfc42d:MFC42D.DLL
 0004:00000668       __imp_?OnShowWindow@CWnd@@IAEXHI@Z 00417668     mfc42d:MFC42D.DLL
 0004:0000066c       __imp_?OnCancelMode@CWnd@@IAEXXZ 0041766c     mfc42d:MFC42D.DLL
 0004:00000670       __imp_?AfxAssertFailedLine@@YGHPBDH@Z 00417670     mfc42d:MFC42D.DLL
 0004:00000674       __imp_?AfxGetInstanceHandle@@YGPAUHINSTANCE__@@XZ 00417674     mfc42d:MFC42D.DLL
 0004:00000678       __imp_??0CString@@QAE@PBD@Z 00417678     mfc42d:MFC42D.DLL
 0004:0000067c       __imp_?AfxWinMain@@YGHPAUHINSTANCE__@@0PADH@Z 0041767c     mfc42d:MFC42D.DLL
 0004:00000680       __imp_?OnWndMsg@CWnd@@MAEHIIJPAJ@Z 00417680     mfc42d:MFC42D.DLL
 0004:00000684       __imp_?PreCreateWindow@CWnd@@UAEHAAUtagCREATESTRUCTA@@@Z 00417684     mfc42d:MFC42D.DLL
 0004:00000688       \177MFC42D_NULL_THUNK_DATA 00417688     mfc42d:MFC42D.DLL
 0004:00000710       __imp_?AfxEnableControlContainer@@YAXPAVCOccManager@@@Z 00417710     mfco42d:MFCO42D.DLL
 0004:00000714       \177MFCO42D_NULL_THUNK_DATA 00417714     mfco42d:MFCO42D.DLL
 0004:00000740       __imp___XcptFilter         00417740     msvcrtd:MSVCRTD.dll
 0004:00000744       __imp__exit                00417744     msvcrtd:MSVCRTD.dll
 0004:00000748       __imp___acmdln             00417748     msvcrtd:MSVCRTD.dll
 0004:0000074c       __imp____getmainargs       0041774c     msvcrtd:MSVCRTD.dll
 0004:00000750       __imp___initterm           00417750     msvcrtd:MSVCRTD.dll
 0004:00000754       __imp____setusermatherr    00417754     msvcrtd:MSVCRTD.dll
 0004:00000758       __imp___adjust_fdiv        00417758     msvcrtd:MSVCRTD.dll
 0004:0000075c       __imp____p__commode        0041775c     msvcrtd:MSVCRTD.dll
 0004:00000760       __imp___exit               00417760     msvcrtd:MSVCRTD.dll
 0004:00000764       __imp____set_app_type      00417764     msvcrtd:MSVCRTD.dll
 0004:00000768       __imp___except_handler3    00417768     msvcrtd:MSVCRTD.dll
 0004:0000076c       __imp___controlfp          0041776c     msvcrtd:MSVCRTD.dll
 0004:00000770       __imp____dllonexit         00417770     msvcrtd:MSVCRTD.dll
 0004:00000774       __imp____CxxFrameHandler   00417774     msvcrtd:MSVCRTD.dll
 0004:00000778       __imp___chkesp             00417778     msvcrtd:MSVCRTD.dll
 0004:0000077c       __imp___setmbcp            0041777c     msvcrtd:MSVCRTD.dll
 0004:00000780       __imp____p__fmode          00417780     msvcrtd:MSVCRTD.dll
 0004:00000784       __imp___onexit             00417784     msvcrtd:MSVCRTD.dll
 0004:00000788       \177MSVCRTD_NULL_THUNK_DATA 00417788     msvcrtd:MSVCRTD.dll
 0004:000007c0       __imp_?DeInstallKeyboardHook_Netravathi@@YGHXZ 004177c0     Netravathi:Netravathi.dll
 0004:000007c4       __imp_?InstallKeyboardHook_Netravathi@@YGHPAUHWND__@@@Z 004177c4     Netravathi:Netravathi.dll
 0004:000007c8       \177Netravathi_NULL_THUNK_DATA 004177c8     Netravathi:Netravathi.dll
 0004:000007f4       __imp__Shell_NotifyIconA@8 004177f4     shell32:SHELL32.dll
 0004:000007f8       \177SHELL32_NULL_THUNK_DATA 004177f8     shell32:SHELL32.dll
 0004:00000824       __imp__GetSystemMetrics@4  00417824     user32:USER32.dll
 0004:00000828       __imp__LoadIconA@8         00417828     user32:USER32.dll
 0004:0000082c       \177USER32_NULL_THUNK_DATA 0041782c     user32:USER32.dll

 entry point at        0001:000012c0

